2025-08-08 12:08:35,942 - INFO - 🚀 Starting Symbolic Math AI Training
2025-08-08 12:08:35,943 - INFO - Initializing Math Model Trainer...
2025-08-08 12:08:35,943 - INFO - Starting model training...
2025-08-08 12:08:35,943 - INFO - Loading model: microsoft/DialoGPT-medium
2025-08-08 12:08:36,743 - ERROR - ❌ Training failed: GPT2LMHeadModel.__init__() got an unexpected keyword argument 'use_gradient_checkpointing'
2025-08-08 12:09:22,800 - INFO - 🚀 Starting Symbolic Math AI Training
2025-08-08 12:09:22,801 - INFO - Initializing Math Model Trainer...
2025-08-08 12:09:22,801 - INFO - Starting model training...
2025-08-08 12:09:22,801 - INFO - Loading model: microsoft/DialoGPT-small
2025-08-08 12:09:24,386 - WARNING - Xet Storage is enabled for this repo, but the 'hf_xet' package is not installed. Falling back to regular HTTP download. For better performance, install the package with: `pip install huggingface_hub[hf_xet]` or `pip install hf_xet`
2025-08-08 12:09:42,589 - INFO - Model and tokenizer loaded successfully
2025-08-08 12:09:42,589 - INFO - Loading and preparing datasets...
2025-08-08 12:09:42,847 - INFO - Added 1000 samples from gsm8k_train
2025-08-08 12:09:42,851 - INFO - Added 1000 samples from mathqa_train
2025-08-08 12:09:42,853 - INFO - Added 700 samples from svamp_train
2025-08-08 12:09:42,854 - INFO - Added 400 samples from math500_train
2025-08-08 12:09:42,854 - INFO - Total training samples: 2480
2025-08-08 12:09:42,854 - INFO - Total validation samples: 620
2025-08-08 12:09:42,858 - ERROR - ❌ Training failed: Using the `Trainer` with `PyTorch` requires `accelerate>=0.26.0`: Please run `pip install transformers[torch]` or `pip install 'accelerate>=0.26.0'`
2025-08-08 12:10:04,278 - INFO - 🚀 Starting Symbolic Math AI Training
2025-08-08 12:10:04,278 - INFO - Initializing Math Model Trainer...
2025-08-08 12:10:04,278 - INFO - Starting model training...
2025-08-08 12:10:04,278 - INFO - Loading model: microsoft/DialoGPT-small
2025-08-08 12:10:05,283 - INFO - Model and tokenizer loaded successfully
2025-08-08 12:10:05,284 - INFO - Loading and preparing datasets...
2025-08-08 12:10:05,536 - INFO - Added 1000 samples from gsm8k_train
2025-08-08 12:10:05,540 - INFO - Added 1000 samples from mathqa_train
2025-08-08 12:10:05,542 - INFO - Added 700 samples from svamp_train
2025-08-08 12:10:05,543 - INFO - Added 400 samples from math500_train
2025-08-08 12:10:05,543 - INFO - Total training samples: 2480
2025-08-08 12:10:05,543 - INFO - Total validation samples: 620
2025-08-08 12:10:05,548 - ERROR - ❌ Training failed: Using the `Trainer` with `PyTorch` requires `accelerate>=0.26.0`: Please run `pip install transformers[torch]` or `pip install 'accelerate>=0.26.0'`
2025-08-08 12:11:54,390 - INFO - 🚀 Starting Symbolic Math AI Training
2025-08-08 12:11:54,392 - INFO - Initializing Math Model Trainer...
2025-08-08 12:11:54,392 - INFO - Starting model training...
2025-08-08 12:11:54,392 - INFO - Loading model: microsoft/DialoGPT-small
2025-08-08 12:11:55,399 - INFO - Model and tokenizer loaded successfully
2025-08-08 12:11:55,399 - INFO - Loading and preparing datasets...
2025-08-08 12:11:55,654 - INFO - Added 1000 samples from gsm8k_train
2025-08-08 12:11:55,658 - INFO - Added 1000 samples from mathqa_train
2025-08-08 12:11:55,659 - INFO - Added 700 samples from svamp_train
2025-08-08 12:11:55,660 - INFO - Added 400 samples from math500_train
2025-08-08 12:11:55,661 - INFO - Total training samples: 2480
2025-08-08 12:11:55,661 - INFO - Total validation samples: 620
2025-08-08 12:11:55,665 - INFO - Training started...
2025-08-08 12:11:55,667 - INFO - Training for 1240 steps on cpu
2025-08-08 12:12:05,141 - INFO - Epoch 1, Step 0, Loss: 6.5274
2025-08-08 12:13:53,694 - INFO - Epoch 1, Step 10, Loss: 3.2127
2025-08-08 12:16:26,392 - INFO - Epoch 1, Step 20, Loss: 3.5494
2025-08-08 12:18:13,798 - INFO - Epoch 1, Step 30, Loss: 0.1908
2025-08-08 12:19:36,030 - INFO - Epoch 1, Step 40, Loss: 2.5804
2025-08-08 12:20:51,984 - INFO - Epoch 1, Step 50, Loss: 0.8980
2025-08-08 12:22:10,811 - INFO - Epoch 1, Step 60, Loss: 0.8663
2025-08-08 12:23:43,742 - INFO - Epoch 1, Step 70, Loss: 1.3215
2025-08-08 12:24:54,655 - INFO - Epoch 1, Step 80, Loss: 0.9711
2025-08-08 12:26:11,267 - INFO - Epoch 1, Step 90, Loss: 2.5050
2025-08-08 12:27:31,055 - INFO - Epoch 1, Step 100, Loss: 0.3071
2025-08-08 12:29:10,059 - INFO - Epoch 1, Step 110, Loss: 0.6649
2025-08-08 12:31:20,933 - INFO - Epoch 1, Step 120, Loss: 0.5236
2025-08-08 12:33:03,050 - INFO - Epoch 1, Step 130, Loss: 1.0961
2025-08-08 12:34:27,699 - INFO - Epoch 1, Step 140, Loss: 0.6182
2025-08-08 12:35:40,073 - INFO - Epoch 1, Step 150, Loss: 1.0892
2025-08-08 12:36:48,923 - INFO - Epoch 1, Step 160, Loss: 0.3597
2025-08-08 12:38:14,734 - INFO - Epoch 1, Step 170, Loss: 1.3228
2025-08-08 12:40:23,833 - INFO - Epoch 1, Step 180, Loss: 1.0616
2025-08-08 12:42:17,792 - INFO - Epoch 1, Step 190, Loss: 2.3189
2025-08-08 12:43:57,525 - INFO - Epoch 1, Step 200, Loss: 0.6052
2025-08-08 12:45:49,902 - INFO - Epoch 1, Step 210, Loss: 0.9101
2025-08-08 12:47:20,016 - INFO - Epoch 1, Step 220, Loss: 1.8534
2025-08-08 12:49:02,768 - INFO - Epoch 1, Step 230, Loss: 1.0181
2025-08-08 12:50:30,672 - INFO - Epoch 1, Step 240, Loss: 0.9378
2025-08-08 12:51:48,395 - INFO - Epoch 1, Step 250, Loss: 1.1474
2025-08-08 12:53:05,604 - INFO - Epoch 1, Step 260, Loss: 0.5315
2025-08-08 12:54:22,403 - INFO - Epoch 1, Step 270, Loss: 1.0629
2025-08-08 12:56:07,430 - INFO - Epoch 1, Step 280, Loss: 0.4009
2025-08-08 12:58:00,948 - INFO - Epoch 1, Step 290, Loss: 1.0085
2025-08-08 12:59:54,759 - INFO - Epoch 1, Step 300, Loss: 1.3296
2025-08-08 13:01:53,241 - INFO - Epoch 1, Step 310, Loss: 1.8331
2025-08-08 13:03:44,270 - INFO - Epoch 1, Step 320, Loss: 1.2212
2025-08-08 13:05:43,840 - INFO - Epoch 1, Step 330, Loss: 0.2067
2025-08-08 13:07:46,291 - INFO - Epoch 1, Step 340, Loss: 1.9549
2025-08-08 13:10:11,994 - INFO - Epoch 1, Step 350, Loss: 0.3347
2025-08-08 13:12:06,462 - INFO - Epoch 1, Step 360, Loss: 0.6589
2025-08-08 13:14:05,726 - INFO - Epoch 1, Step 370, Loss: 0.5535
2025-08-08 13:16:09,694 - INFO - Epoch 1, Step 380, Loss: 0.9609
2025-08-08 13:18:20,926 - INFO - Epoch 1, Step 390, Loss: 0.8083
2025-08-08 13:20:22,611 - INFO - Epoch 1, Step 400, Loss: 1.1559
2025-08-08 13:22:25,139 - INFO - Epoch 1, Step 410, Loss: 1.4064
2025-08-08 13:24:01,700 - INFO - Epoch 1, Step 420, Loss: 2.8222
2025-08-08 13:26:08,414 - INFO - Epoch 1, Step 430, Loss: 1.2601
2025-08-08 13:28:44,308 - INFO - Epoch 1, Step 440, Loss: 0.3212
2025-08-08 13:30:55,809 - INFO - 🚀 Starting Symbolic Math AI Training
2025-08-08 13:30:55,810 - INFO - Initializing Math Model Trainer...
2025-08-08 13:30:55,810 - INFO - Starting model training with Trainer...
2025-08-08 13:30:55,810 - INFO - Loading model: microsoft/DialoGPT-small
2025-08-08 13:30:57,211 - INFO - Model and tokenizer loaded successfully
2025-08-08 13:30:57,211 - INFO - Loading and preparing datasets...
2025-08-08 13:30:57,502 - INFO - Added 1000 samples from gsm8k_train
2025-08-08 13:30:57,506 - INFO - Added 1000 samples from mathqa_train
2025-08-08 13:30:57,508 - INFO - Added 700 samples from svamp_train
2025-08-08 13:30:57,509 - INFO - Added 400 samples from math500_train
2025-08-08 13:30:57,509 - INFO - Total training samples: 2480
2025-08-08 13:30:57,509 - INFO - Total validation samples: 620
2025-08-08 13:32:16,996 - INFO - Epoch 1, Step 450, Loss: 0.2678
2025-08-08 13:39:30,939 - ERROR - ❌ Training failed: MPS backend out of memory (MPS allocated: 20.53 GB, other allocations: 272.20 MB, max allowed: 36.27 GB). Tried to allocate 15.53 GB on private pool. Use PYTORCH_MPS_HIGH_WATERMARK_RATIO=0.0 to disable upper limit for memory allocations (may cause system failure).
2025-08-08 13:39:42,184 - INFO - Epoch 1, Step 460, Loss: 1.2749
2025-08-08 13:41:12,091 - INFO - Epoch 1, Step 470, Loss: 0.1886
2025-08-08 13:42:42,827 - INFO - Epoch 1, Step 480, Loss: 0.4011
2025-08-08 13:44:44,775 - INFO - Epoch 1, Step 490, Loss: 0.3942
2025-08-08 13:46:18,470 - INFO - Epoch 1, Step 500, Loss: 0.7339
2025-08-08 13:47:57,404 - INFO - Epoch 1, Step 510, Loss: 0.5844
2025-08-08 13:49:40,683 - INFO - Epoch 1, Step 520, Loss: 0.9399
2025-08-08 13:51:13,420 - INFO - Epoch 1, Step 530, Loss: 0.2948
2025-08-08 13:53:47,071 - INFO - Epoch 1, Step 540, Loss: 0.2564
2025-08-08 13:55:35,168 - INFO - Epoch 1, Step 550, Loss: 1.1517
2025-08-08 13:56:51,036 - INFO - Epoch 1, Step 560, Loss: 0.7638
2025-08-08 13:58:17,693 - INFO - Epoch 1, Step 570, Loss: 0.7668
2025-08-08 13:59:45,947 - INFO - Epoch 1, Step 580, Loss: 0.0195
2025-08-08 14:01:20,057 - INFO - Epoch 1, Step 590, Loss: 0.7858
2025-08-08 14:03:43,645 - INFO - Epoch 1, Step 600, Loss: 1.1118
2025-08-08 14:05:56,709 - INFO - Epoch 1, Step 610, Loss: 2.5436
2025-08-08 14:07:23,771 - INFO - Epoch 1, Step 620, Loss: 2.1328
2025-08-08 14:08:54,291 - INFO - Epoch 1, Step 630, Loss: 1.5440
2025-08-08 14:11:35,279 - INFO - Epoch 1, Step 640, Loss: 1.0711
